// Vitest Snapshot v1, https://vitest.dev/guide/snapshot.html

exports[`Login > renders properly 1`] = `
"<div data-v-47199182="" class="flex items-center justify-center min-h-screen bg-yellow-50">
  <form data-v-47199182="" novalidate="" class="bg-white p-8 rounded-lg shadow-lg w-full max-w-sm sm:p-12 sm:w-96">
    <h2 data-v-47199182="" class="text-2xl font-bold mb-6 text-center">Login</h2>
    <div data-v-47199182="" class="mb-4"><label data-v-47199182="" for="email" class="block text-sm font-medium text-gray-700">Email</label><input data-v-47199182="" id="email" class="input mt-1 block w-full p-2 border border-gray-300 rounded-md shadow-sm focus:outline-none focus:ring-blue-500 focus:border-blue-500" type="email" name="email">
      <!---->
    </div>
    <div data-v-47199182="" class="mb-6"><label data-v-47199182="" for="password" class="block text-sm font-medium text-gray-700">Password</label><input data-v-47199182="" id="password" class="input mt-1 block w-full p-2 border border-gray-300 rounded-md shadow-sm focus:outline-none focus:ring-blue-500 focus:border-blue-500" type="password" name="password">
      <!---->
    </div><button data-v-47199182="" class="w-full py-2 px-4 bg-blue-500 text-white font-bold rounded-md hover:bg-blue-600 focus:outline-none focus:ring-2 focus:ring-blue-500 focus:ring-opacity-50"> Submit </button>
  </form>
</div>"
`;
